Number of Threads: 64, Lines per Thread: 312, Max. simultaneous Threads: 8
Starting Thread 0 at address 0x1b37820: yStart = 1, yEnd = 312
Starting Thread 1 at address 0x1b37828: yStart = 313, yEnd = 624
Thread 0: Starting calculation of 312 lines from 1 to 312!
Starting Thread 2 at address 0x1b37830: yStart = 625, yEnd = 936
Thread 1: Starting calculation of 312 lines from 313 to 624!
Starting Thread 3 at address 0x1b37838: yStart = 937, yEnd = 1248
Thread 2: Starting calculation of 312 lines from 625 to 936!
Starting Thread 4 at address 0x1b37840: yStart = 1249, yEnd = 1560
Thread 3: Starting calculation of 312 lines from 937 to 1248!
Starting Thread 5 at address 0x1b37848: yStart = 1561, yEnd = 1872
Thread 4: Starting calculation of 312 lines from 1249 to 1560!
Starting Thread 6 at address 0x1b37850: yStart = 1873, yEnd = 2184
Starting Thread 7 at address 0x1b37858: yStart = 2185, yEnd = 2496
Starting Thread 8 at address 0x1b37860: yStart = 2497, yEnd = 2808
Starting Thread 9 at address 0x1b37868: yStart = 2809, yEnd = 3120
Waiting for Thread 1 to terminate in order to start Thread 9...
Thread 5: Starting calculation of 312 lines from 1561 to 1872!
Thread 7: Starting calculation of 312 lines from 2185 to 2496!
Thread 6: Starting calculation of 312 lines from 1873 to 2184!
Thread 8: Starting calculation of 312 lines from 2497 to 2808!
Thread 0 finished!
Thread 2 finished!
Thread 3 finished!
Thread 1 finished!
Starting Thread 10 at address 0x1b37870: yStart = 3121, yEnd = 3432
Waiting for Thread 2 to terminate in order to start Thread 10...
Thread 9: Starting calculation of 312 lines from 2809 to 3120!
Thread 10: Starting calculation of 312 lines from 3121 to 3432!
Starting Thread 11 at address 0x1b37878: yStart = 3433, yEnd = 3744
Waiting for Thread 3 to terminate in order to start Thread 11...
Starting Thread 12 at address 0x1b37880: yStart = 3745, yEnd = 4056
Waiting for Thread 4 to terminate in order to start Thread 12...
Thread 11: Starting calculation of 312 lines from 3433 to 3744!
Thread 4 finished!
Starting Thread 13 at address 0x1b37888: yStart = 4057, yEnd = 4368
Waiting for Thread 5 to terminate in order to start Thread 13...
Thread 12: Starting calculation of 312 lines from 3745 to 4056!
Thread 5 finished!
Starting Thread 14 at address 0x1b37890: yStart = 4369, yEnd = 4680
Waiting for Thread 6 to terminate in order to start Thread 14...
Thread 13: Starting calculation of 312 lines from 4057 to 4368!
Thread 7 finished!
Thread 8 finished!
Thread 6 finished!
Starting Thread 15 at address 0x1b37898: yStart = 4681, yEnd = 4992
Waiting for Thread 7 to terminate in order to start Thread 15...
Starting Thread 16 at address 0x1b378a0: yStart = 4993, yEnd = 5304
Waiting for Thread 8 to terminate in order to start Thread 16...
Thread 15: Starting calculation of 312 lines from 4681 to 4992!
Starting Thread 17 at address 0x1b378a8: yStart = 5305, yEnd = 5616
Waiting for Thread 9 to terminate in order to start Thread 17...
Thread 14: Starting calculation of 312 lines from 4369 to 4680!
Thread 16: Starting calculation of 312 lines from 4993 to 5304!
Thread 9 finished!
Starting Thread 18 at address 0x1b378b0: yStart = 5617, yEnd = 5928
Waiting for Thread 10 to terminate in order to start Thread 18...
Thread 17: Starting calculation of 312 lines from 5305 to 5616!
Thread 10 finished!
Starting Thread 19 at address 0x1b378b8: yStart = 5929, yEnd = 6240
Waiting for Thread 11 to terminate in order to start Thread 19...
Thread 18: Starting calculation of 312 lines from 5617 to 5928!
Thread 11 finished!
Starting Thread 20 at address 0x1b378c0: yStart = 6241, yEnd = 6552
Waiting for Thread 12 to terminate in order to start Thread 20...
Thread 19: Starting calculation of 312 lines from 5929 to 6240!
Thread 12 finished!
Starting Thread 21 at address 0x1b378c8: yStart = 6553, yEnd = 6864
Waiting for Thread 13 to terminate in order to start Thread 21...
Thread 20: Starting calculation of 312 lines from 6241 to 6552!
Thread 13 finished!
Starting Thread 22 at address 0x1b378d0: yStart = 6865, yEnd = 7176
Waiting for Thread 14 to terminate in order to start Thread 22...
Thread 21: Starting calculation of 312 lines from 6553 to 6864!
Thread 14 finished!
Starting Thread 23 at address 0x1b378d8: yStart = 7177, yEnd = 7488
Waiting for Thread 15 to terminate in order to start Thread 23...
Thread 22: Starting calculation of 312 lines from 6865 to 7176!
Thread 15 finished!
Starting Thread 24 at address 0x1b378e0: yStart = 7489, yEnd = 7800
Waiting for Thread 16 to terminate in order to start Thread 24...
Thread 23: Starting calculation of 312 lines from 7177 to 7488!
Thread 16 finished!
Starting Thread 25 at address 0x1b378e8: yStart = 7801, yEnd = 8112
Waiting for Thread 17 to terminate in order to start Thread 25...
Thread 24: Starting calculation of 312 lines from 7489 to 7800!
Thread 17 finished!
Starting Thread 26 at address 0x1b378f0: yStart = 8113, yEnd = 8424
Waiting for Thread 18 to terminate in order to start Thread 26...
Thread 25: Starting calculation of 312 lines from 7801 to 8112!
Thread 18 finished!
Starting Thread 27 at address 0x1b378f8: yStart = 8425, yEnd = 8736
Waiting for Thread 19 to terminate in order to start Thread 27...
Thread 26: Starting calculation of 312 lines from 8113 to 8424!
Thread 19 finished!
Starting Thread 28 at address 0x1b37900: yStart = 8737, yEnd = 9048
Waiting for Thread 20 to terminate in order to start Thread 28...
Thread 27: Starting calculation of 312 lines from 8425 to 8736!
Thread 20 finished!
Starting Thread 29 at address 0x1b37908: yStart = 9049, yEnd = 9360
Waiting for Thread 21 to terminate in order to start Thread 29...
Thread 28: Starting calculation of 312 lines from 8737 to 9048!
Thread 21 finished!
Starting Thread 30 at address 0x1b37910: yStart = 9361, yEnd = 9672
Waiting for Thread 22 to terminate in order to start Thread 30...
Thread 29: Starting calculation of 312 lines from 9049 to 9360!
Thread 22 finished!
Starting Thread 31 at address 0x1b37918: yStart = 9673, yEnd = 9984
Waiting for Thread 23 to terminate in order to start Thread 31...
Thread 30: Starting calculation of 312 lines from 9361 to 9672!
Thread 23 finished!
Starting Thread 32 at address 0x1b37920: yStart = 9985, yEnd = 10296
Waiting for Thread 24 to terminate in order to start Thread 32...
Thread 31: Starting calculation of 312 lines from 9673 to 9984!
Thread 24 finished!
Starting Thread 33 at address 0x1b37928: yStart = 10297, yEnd = 10608
Waiting for Thread 25 to terminate in order to start Thread 33...
Thread 32: Starting calculation of 312 lines from 9985 to 10296!
Thread 25 finished!
Starting Thread 34 at address 0x1b37930: yStart = 10609, yEnd = 10920
Waiting for Thread 26 to terminate in order to start Thread 34...
Thread 33: Starting calculation of 312 lines from 10297 to 10608!
Thread 26 finished!
Starting Thread 35 at address 0x1b37938: yStart = 10921, yEnd = 11232
Waiting for Thread 27 to terminate in order to start Thread 35...
Thread 34: Starting calculation of 312 lines from 10609 to 10920!
Thread 27 finished!
Starting Thread 36 at address 0x1b37940: yStart = 11233, yEnd = 11544
Waiting for Thread 28 to terminate in order to start Thread 36...
Thread 35: Starting calculation of 312 lines from 10921 to 11232!
Thread 28 finished!
Starting Thread 37 at address 0x1b37948: yStart = 11545, yEnd = 11856
Waiting for Thread 29 to terminate in order to start Thread 37...
Thread 36: Starting calculation of 312 lines from 11233 to 11544!
Thread 29 finished!
Starting Thread 38 at address 0x1b37950: yStart = 11857, yEnd = 12168
Waiting for Thread 30 to terminate in order to start Thread 38...
Thread 37: Starting calculation of 312 lines from 11545 to 11856!
Thread 30 finished!
Starting Thread 39 at address 0x1b37958: yStart = 12169, yEnd = 12480
Waiting for Thread 31 to terminate in order to start Thread 39...
Thread 38: Starting calculation of 312 lines from 11857 to 12168!
Thread 31 finished!
Starting Thread 40 at address 0x1b37960: yStart = 12481, yEnd = 12792
Waiting for Thread 32 to terminate in order to start Thread 40...
Thread 39: Starting calculation of 312 lines from 12169 to 12480!
Thread 32 finished!
Starting Thread 41 at address 0x1b37968: yStart = 12793, yEnd = 13104
Waiting for Thread 33 to terminate in order to start Thread 41...
Thread 40: Starting calculation of 312 lines from 12481 to 12792!
Thread 33 finished!
Starting Thread 42 at address 0x1b37970: yStart = 13105, yEnd = 13416
Waiting for Thread 34 to terminate in order to start Thread 42...
Thread 41: Starting calculation of 312 lines from 12793 to 13104!
Thread 34 finished!
Starting Thread 43 at address 0x1b37978: yStart = 13417, yEnd = 13728
Waiting for Thread 35 to terminate in order to start Thread 43...
Thread 42: Starting calculation of 312 lines from 13105 to 13416!
Thread 35 finished!
Starting Thread 44 at address 0x1b37980: yStart = 13729, yEnd = 14040
Waiting for Thread 36 to terminate in order to start Thread 44...
Thread 43: Starting calculation of 312 lines from 13417 to 13728!
Thread 36 finished!
Starting Thread 45 at address 0x1b37988: yStart = 14041, yEnd = 14352
Waiting for Thread 37 to terminate in order to start Thread 45...
Thread 44: Starting calculation of 312 lines from 13729 to 14040!
Thread 37 finished!
Starting Thread 46 at address 0x1b37990: yStart = 14353, yEnd = 14664
Waiting for Thread 38 to terminate in order to start Thread 46...
Thread 45: Starting calculation of 312 lines from 14041 to 14352!
Thread 38 finished!
Starting Thread 47 at address 0x1b37998: yStart = 14665, yEnd = 14976
Waiting for Thread 39 to terminate in order to start Thread 47...
Thread 46: Starting calculation of 312 lines from 14353 to 14664!
Thread 39 finished!
Starting Thread 48 at address 0x1b379a0: yStart = 14977, yEnd = 15288
Waiting for Thread 40 to terminate in order to start Thread 48...
Thread 47: Starting calculation of 312 lines from 14665 to 14976!
Thread 40 finished!
Starting Thread 49 at address 0x1b379a8: yStart = 15289, yEnd = 15600
Waiting for Thread 41 to terminate in order to start Thread 49...
Thread 48: Starting calculation of 312 lines from 14977 to 15288!
Thread 43 finished!
Thread 42 finished!
Thread 41 finished!
Starting Thread 50 at address 0x1b379b0: yStart = 15601, yEnd = 15912
Waiting for Thread 42 to terminate in order to start Thread 50...
Thread 49: Starting calculation of 312 lines from 15289 to 15600!
Thread 50: Starting calculation of 312 lines from 15601 to 15912!
Starting Thread 51 at address 0x1b379b8: yStart = 15913, yEnd = 16224
Waiting for Thread 43 to terminate in order to start Thread 51...
Starting Thread 52 at address 0x1b379c0: yStart = 16225, yEnd = 16536
Waiting for Thread 44 to terminate in order to start Thread 52...
Thread 51: Starting calculation of 312 lines from 15913 to 16224!
Thread 44 finished!
Starting Thread 53 at address 0x1b379c8: yStart = 16537, yEnd = 16848
Waiting for Thread 45 to terminate in order to start Thread 53...
Thread 52: Starting calculation of 312 lines from 16225 to 16536!
Thread 45 finished!
Starting Thread 54 at address 0x1b379d0: yStart = 16849, yEnd = 17160
Waiting for Thread 46 to terminate in order to start Thread 54...
Thread 53: Starting calculation of 312 lines from 16537 to 16848!
Thread 46 finished!
Starting Thread 55 at address 0x1b379d8: yStart = 17161, yEnd = 17472
Waiting for Thread 47 to terminate in order to start Thread 55...
Thread 54: Starting calculation of 312 lines from 16849 to 17160!
Thread 47 finished!
Starting Thread 56 at address 0x1b379e0: yStart = 17473, yEnd = 17784
Waiting for Thread 48 to terminate in order to start Thread 56...
Thread 55: Starting calculation of 312 lines from 17161 to 17472!
Thread 48 finished!
Starting Thread 57 at address 0x1b379e8: yStart = 17785, yEnd = 18096
Waiting for Thread 49 to terminate in order to start Thread 57...
Thread 56: Starting calculation of 312 lines from 17473 to 17784!
Thread 51 finished!
Thread 52 finished!
Thread 49 finished!
Starting Thread 58 at address 0x1b379f0: yStart = 18097, yEnd = 18408
Waiting for Thread 50 to terminate in order to start Thread 58...
Thread 57: Starting calculation of 312 lines from 17785 to 18096!
Thread 50 finished!
Starting Thread 59 at address 0x1b379f8: yStart = 18409, yEnd = 18720
Waiting for Thread 51 to terminate in order to start Thread 59...
Starting Thread 60 at address 0x1b37a00: yStart = 18721, yEnd = 19032
Waiting for Thread 52 to terminate in order to start Thread 60...
Starting Thread 61 at address 0x1b37a08: yStart = 19033, yEnd = 19344
Thread 60: Starting calculation of 312 lines from 18721 to 19032!
Waiting for Thread 53 to terminate in order to start Thread 61...
Thread 59: Starting calculation of 312 lines from 18409 to 18720!
Thread 58: Starting calculation of 312 lines from 18097 to 18408!
Thread 53 finished!
Starting Thread 62 at address 0x1b37a10: yStart = 19345, yEnd = 19656
Waiting for Thread 54 to terminate in order to start Thread 62...
Thread 61: Starting calculation of 312 lines from 19033 to 19344!
Thread 54 finished!
Starting Thread 63 at address 0x1b37a18: yStart = 19657, yEnd = 20000
Waiting for Thread 55 to terminate in order to start Thread 63...
Thread 62: Starting calculation of 312 lines from 19345 to 19656!
Thread 55 finished!
Main is waiting for threads to terminate...
Thread 63: Starting calculation of 344 lines from 19657 to 20000!
Thread 56 finished!
Thread 61 finished!
Thread 60 finished!
Thread 62 finished!
Thread 59 finished!
Thread 63 finished!
Thread 58 finished!
Thread 57 finished!
